########################################
########################################
########################################
#############################.......####
#############################.......####
#############################...2..1####
#############################.....B.####
#############################...########
#############################...########
#############################...########
#############################.......####
#############################.......####
################################....####
###########....#################....####
##########......################....####
#########........############.......####
####.........B...###########........####
####.......####...#########.....########
####.......####..................#######
#####......####..................#######
#########FF####..........B.......#######
####################..##################
####################..##################
########################################
########################################
########################################
########################################
########################################
